#-----------------------------------------------------------
# Vivado v2024.2 (64-bit)
# SW Build 5239630 on Fri Nov 08 22:35:27 MST 2024
# IP Build 5239520 on Sun Nov 10 16:12:51 MST 2024
# SharedData Build 5239561 on Fri Nov 08 14:39:27 MST 2024
# Start of session at: Sat Mar  8 22:16:55 2025
# Process ID         : 760
# Current directory  : C:/Users/zach/Documents/0_School/ECE316/lab-4/project_3/project_3.runs/impl_1
# Command line       : vivado.exe -log time_multiplexing_main.vdi -applog -product Vivado -messageDb vivado.pb -mode batch -source time_multiplexing_main.tcl -notrace
# Log file           : C:/Users/zach/Documents/0_School/ECE316/lab-4/project_3/project_3.runs/impl_1/time_multiplexing_main.vdi
# Journal file       : C:/Users/zach/Documents/0_School/ECE316/lab-4/project_3/project_3.runs/impl_1\vivado.jou
# Running On         : DESKTOP-BGLR1M6
# Platform           : Windows Server 2016 or Windows 10
# Operating System   : 19045
# Processor Detail   : AMD Ryzen 7 5700U with Radeon Graphics         
# CPU Frequency      : 1797 MHz
# CPU Physical cores : 8
# CPU Logical cores  : 16
# Host memory        : 16476 MB
# Swap memory        : 3892 MB
# Total Virtual      : 20368 MB
# Available Virtual  : 5818 MB
#-----------------------------------------------------------
source time_multiplexing_main.tcl -notrace
